// Jest Snapshot v1, https://goo.gl/fbAQLP

exports[`render page correctly 1`] = `
Array [
  <h1>
    Welcome to our page!
  </h1>,
  <p>
    Lorem ipsum dolor, sit amet consectetur adipisicing elit. Aliquid itaque eum, non quis sit et dicta vitae quae asperiores expedita, error quos suscipit.
  </p>,
  <p>
    Lorem ipsum dolor, sit amet consectetur adipisicing elit. Aliquid itaque eum, non quis sit et dicta vitae quae asperiores expedita, error quos suscipit.
  </p>,
]
`;
